// Jest Snapshot v1, https://jestjs.io/docs/snapshot-testing

exports[`Editor Page matches snapshot 1`] = `
<div>
  <div>
    <div
      class="editor"
    >
      <h1>
        Halaman Editor
      </h1>
      <p>
        Selamat datang di halaman editor! Anda memiliki akses untuk mengelola dan memperbarui konten di aplikasi ini. Di sini, Anda dapat membuat, mengedit, dan menghapus data sesuai kebutuhan. Pastikan untuk menggunakan hak akses Anda dengan bijak serta menjaga kualitas dan konsistensi informasi yang disajikan.
      </p>
    </div>
  </div>
</div>
`;
