// Jest Snapshot v1, https://jestjs.io/docs/snapshot-testing

exports[`Register Page matches snapshot 1`] = `
<div>
  <div
    class="register"
  >
    <h1
      class="register__title"
    >
      Halaman Register
    </h1>
    <div
      class="register__form"
    >
      <form>
        <div
          class="register__form__item"
        >
          <label
            class="register__form__item__label"
            for="email"
          >
            Email
          </label>
          <input
            class="register__form__item__input"
            id="email"
            name="email"
            placeholder="Email"
            type="email"
          />
        </div>
        <div
          class="register__form__item"
        >
          <label
            class="register__form__item__label"
            for="Fullname"
          >
            Fullname
          </label>
          <input
            class="register__form__item__input"
            id="Fullname"
            name="Fullname"
            placeholder="Fullname"
            type="text"
          />
        </div>
        <div
          class="register__form__item"
        >
          <label
            class="register__form__item__label"
            for="Password"
          >
            Password
          </label>
          <input
            class="register__form__item__input"
            id="Password"
            name="Password"
            placeholder="Password"
            type="password"
          />
        </div>
        <button
          class="register__form__item__button"
          type="submit"
        >
          Register
        </button>
      </form>
      <br />
      <p
        class="register__form__item__text"
      >
        Sudah punya akun? 
        <a
          href="/auth/login"
        >
          Ke Halaman Login
        </a>
      </p>
    </div>
  </div>
</div>
`;
